
> flo@0.1.0 build
> next build

Γû▓ Next.js 16.1.6 (Turbopack)
- Environments: .env.local

node.exe : ΓÜá The 
"middleware" file convention 
is deprecated. Please use 
"proxy" instead. Learn more: h
ttps://nextjs.org/docs/message
s/middleware-to-proxy
At line:1 char:1
+ & "C:\Program 
Files\nodejs/node.exe" 
"C:\Program 
Files\nodejs/node_mo ...
+ ~~~~~~~~~~~~~~~~~~~~~~~~~~~~
~~~~~~~~~~~~~~~~~~~~~~~~~~~~~~
~~~~~~~~~~~
    + CategoryInfo          : 
    NotSpecified: (ΓÜá The "  
  middle...leware-to-proxy:   
 String) [], RemoteExcepti    
on
    + FullyQualifiedErrorId : 
    NativeCommandError
 
  Creating an optimized production build ...
Γ£ô Compiled successfully in 3.3s
  Running TypeScript ...
  Collecting page data using 27 workers ...
Error: Missing credentials. 
Please pass an `apiKey`, or 
set the `OPENAI_API_KEY` 
environment variable.
    at module evaluation (C:\U
sers\Antonov\Desktop\flow\.nex
t\server\chunks\[root-of-the-s
erver]__94dfcb6c._.js:1:1281)
    at instantiateModule (C:\U
sers\Antonov\Desktop\flow\.nex
t\server\chunks\[turbopack]_ru
ntime.js:740:9)
    at 
instantiateRuntimeModule (C:\U
sers\Antonov\Desktop\flow\.nex
t\server\chunks\[turbopack]_ru
ntime.js:768:12)
    at 
getOrInstantiateRuntimeModule 
(C:\Users\Antonov\Desktop\flow
\.next\server\chunks\[turbopac
k]_runtime.js:781:12)
    at Object.m (C:\Users\Anto
nov\Desktop\flow\.next\server\
chunks\[turbopack]_runtime.js:
790:18)
    at Object.<anonymous> (C:\
Users\Antonov\Desktop\flow\.ne
xt\server\app\api\voice-transa
ction\route.js:6:3)
Error: Missing credentials. 
Please pass an `apiKey`, or 
set the `OPENAI_API_KEY` 
environment variable.
    at module evaluation (C:\U
sers\Antonov\Desktop\flow\.nex
t\server\chunks\[root-of-the-s
erver]__bd85970b._.js:1:1281)
    at instantiateModule (C:\U
sers\Antonov\Desktop\flow\.nex
t\server\chunks\[turbopack]_ru
ntime.js:740:9)
    at 
instantiateRuntimeModule (C:\U
sers\Antonov\Desktop\flow\.nex
t\server\chunks\[turbopack]_ru
ntime.js:768:12)
    at 
getOrInstantiateRuntimeModule 
(C:\Users\Antonov\Desktop\flow
\.next\server\chunks\[turbopac
k]_runtime.js:781:12)
    at Object.m (C:\Users\Anto
nov\Desktop\flow\.next\server\
chunks\[turbopack]_runtime.js:
790:18)
    at Object.<anonymous> (C:\
Users\Antonov\Desktop\flow\.ne
xt\server\app\api\receipt-tran
saction\route.js:6:3)

> Build error occurred
Error: Failed to collect page 
data for 
/api/voice-transaction
    at ignore-listed frames {
  type: 'Error'
}
