components/CollabClient.tsx(742,33): error TS1005: ')' expected.
components/CollabClient.tsx(743,30): error TS1381: Unexpected token. Did you mean `{'}'}` or `&rbrace;`?
components/LedgerClient.tsx(36,1): error TS1185: Merge conflict marker encountered.
components/LedgerClient.tsx(69,1): error TS1185: Merge conflict marker encountered.
components/LedgerClient.tsx(71,1): error TS1185: Merge conflict marker encountered.
